// Jest Snapshot v1, https://goo.gl/fbAQLP

exports[`Pruebas sobre el componente <JournalEntry /> Debe de mostrarse el Snapshot correctamente 1`] = `
<div
  className="journal__entry pointer animate__animated animate__fadeIn"
  onClick={[Function]}
>
  <div
    className="journal__entry-picture"
    style={
      Object {
        "backgroundImage": "url(https://prueba.com/imagen.png)",
        "backgroundSize": "cover",
      }
    }
  />
  <div
    className="journal__entry-body"
  >
    <p
      className="journal__entry-title"
    >
      Hola
    </p>
    <p
      className="journal__entry-content"
    >
      Mundo
    </p>
  </div>
  <div
    className="journal__entry-date-box"
  >
    <span>
      Wednesday
    </span>
    <h4>
      3rd
    </h4>
  </div>
</div>
`;
